// Jest Snapshot v1, https://goo.gl/fbAQLP

exports[`List test renders list of cards 1`] = `
<section
  className="List"
>
  <header
    className="List-header"
  >
    List1
  </header>
  <div
    className="List-cards"
  >
    <div
      className="Card"
    >
      <h3>
        foo
      </h3>
      <p>
        bar
      </p>
    </div>
  </div>
</section>
`;
